
C:\Users\pasca\OneDrive\Desktop\botsville\app\(pages)\leaderboard\page.tsx
  84:50  error  Unexpected any. Specify a different type  @typescript-eslint/no-explicit-any
  86:81  error  Unexpected any. Specify a different type  @typescript-eslint/no-explicit-any

C:\Users\pasca\OneDrive\Desktop\botsville\app\(pages)\tournaments\[slug]\page.tsx
   75:44  error  Unexpected any. Specify a different type  @typescript-eslint/no-explicit-any
  118:44  error  Unexpected any. Specify a different type  @typescript-eslint/no-explicit-any

C:\Users\pasca\OneDrive\Desktop\botsville\app\api\matches\[id]\finalize\route.ts
  59:47  error  Unexpected any. Specify a different type  @typescript-eslint/no-explicit-any
  59:89  error  Unexpected any. Specify a different type  @typescript-eslint/no-explicit-any

C:\Users\pasca\OneDrive\Desktop\botsville\app\api\matches\[id]\game-winner\route.ts
  24:39  error  Unexpected any. Specify a different type  @typescript-eslint/no-explicit-any

C:\Users\pasca\OneDrive\Desktop\botsville\app\api\matches\[id]\performance\route.ts
   84:34  error  Unexpected any. Specify a different type  @typescript-eslint/no-explicit-any
   92:20  error  Unexpected any. Specify a different type  @typescript-eslint/no-explicit-any
  116:20  error  Unexpected any. Specify a different type  @typescript-eslint/no-explicit-any
  141:40  error  Unexpected any. Specify a different type  @typescript-eslint/no-explicit-any
  142:42  error  Unexpected any. Specify a different type  @typescript-eslint/no-explicit-any
  143:44  error  Unexpected any. Specify a different type  @typescript-eslint/no-explicit-any
  153:40  error  Unexpected any. Specify a different type  @typescript-eslint/no-explicit-any
  154:42  error  Unexpected any. Specify a different type  @typescript-eslint/no-explicit-any
  155:44  error  Unexpected any. Specify a different type  @typescript-eslint/no-explicit-any
  200:39  error  Unexpected any. Specify a different type  @typescript-eslint/no-explicit-any

C:\Users\pasca\OneDrive\Desktop\botsville\app\api\matches\prior-opponents\route.ts
  11:23  error  Unexpected any. Specify a different type  @typescript-eslint/no-explicit-any
  19:22  error  Unexpected any. Specify a different type  @typescript-eslint/no-explicit-any

C:\Users\pasca\OneDrive\Desktop\botsville\app\api\tournaments\[id]\route.ts
  110:29  error  Unexpected any. Specify a different type  @typescript-eslint/no-explicit-any

C:\Users\pasca\OneDrive\Desktop\botsville\app\api\tournaments\[id]\standings\route.ts
  34:44  error  Unexpected any. Specify a different type  @typescript-eslint/no-explicit-any

C:\Users\pasca\OneDrive\Desktop\botsville\app\components\sections\MatchSchedule.tsx
  878:11  error  Do not use an `<a>` element to navigate to `/tournaments/`. Use `<Link />` from `next/link` instead. See: https://nextjs.org/docs/messages/no-html-link-for-pages  @next/next/no-html-link-for-pages

C:\Users\pasca\OneDrive\Desktop\botsville\app\dashboard\matches\page.tsx
  354:20  error  'React' is not defined  react/jsx-no-undef

C:\Users\pasca\OneDrive\Desktop\botsville\app\dashboard\tournaments\[id]\page.tsx
   83:56  error  Unexpected any. Specify a different type  @typescript-eslint/no-explicit-any
  156:23  error  Unexpected any. Specify a different type  @typescript-eslint/no-explicit-any
  164:62  error  Unexpected any. Specify a different type  @typescript-eslint/no-explicit-any
  191:91  error  Unexpected any. Specify a different type  @typescript-eslint/no-explicit-any

C:\Users\pasca\OneDrive\Desktop\botsville\app\dashboard\tournaments\setup\page.tsx
  587:56  error  Unexpected any. Specify a different type  @typescript-eslint/no-explicit-any

Γ£û 28 problems (28 errors, 0 warnings)

